// Jest Snapshot v1, https://goo.gl/fbAQLP

exports[`Pruebas my FirstApp Debe mostrar <FirstApp /> correctamente 1`] = `ShallowWrapper {}`;

exports[`Pruebas my FirstApp Mostrar el subtitulo 1`] = `"obi wan kenoby"`;
